// Jest Snapshot v1, https://goo.gl/fbAQLP

exports[`UserDetail should render correctly 1`] = `
<div>
  1's detail
</div>
`;
