// Jest Snapshot v1, https://goo.gl/fbAQLP

exports[`TestSub should render correctly 1`] = `
<div>
  TestSub.
  <p>
    This page can only be accessed by admin.
  </p>
</div>
`;
