// Jest Snapshot v1, https://goo.gl/fbAQLP

exports[`Son should render correctly 1`] = `
<div>
  sonMsg
</div>
`;
